// Jest Snapshot v1, https://goo.gl/fbAQLP

exports[`A <TableDataCell> should render 1`] = `
.c0 {
  border: 0;
  box-sizing: border-box;
  font: inherit;
  font-size: 100%;
  margin: 0;
  padding: 0;
  vertical-align: baseline;
  padding: 0.5rem 0;
  border-top: solid 1px;
  border-color: #DEE1E5;
}

<td
  className="c0"
/>
`;
