// Jest Snapshot v1, https://goo.gl/fbAQLP

exports[`InputSearch default 1`] = `
.c3 {
  border: 0;
  box-sizing: border-box;
  font: inherit;
  font-size: 100%;
  margin: 0;
  padding: 0;
  vertical-align: baseline;
  border: solid 1px;
  border-color: #C1C6CC;
  border-radius: 0.25rem;
  height: 28px;
  padding-left: 0.5rem;
  padding-right: 0.5rem;
  padding-top: 0rem;
  padding-bottom: 0rem;
  font-size: 0.875rem;
  background: #FFFFFF;
}

.c3:focus {
  outline: none;
}

.c0 {
  border: 0;
  box-sizing: border-box;
  font: inherit;
  font-size: 100%;
  margin: 0;
  padding: 0;
  vertical-align: baseline;
  border: 1px solid;
  border-color: #C1C6CC;
  border-radius: 0.25rem;
}

.c4 {
  border: 0;
  box-sizing: border-box;
  font: inherit;
  font-size: 100%;
  margin: 0;
  padding: 0;
  vertical-align: baseline;
  height: 100%;
  display: -webkit-box;
  display: -webkit-flex;
  display: -ms-flexbox;
  display: flex;
  margin-left: 0.25rem;
  margin-right: 0.25rem;
  -webkit-align-items: center;
  -webkit-box-align: center;
  -ms-flex-align: center;
  align-items: center;
}

.c1 {
  -webkit-align-items: center;
  -webkit-box-align: center;
  -ms-flex-align: center;
  align-items: center;
  display: -webkit-box;
  display: -webkit-flex;
  display: -ms-flexbox;
  display: flex;
  position: relative;
  background: #FFFFFF;
}

.c1:focus-within {
  border-color: transparent;
  outline: 5px auto -webkit-focus-ring-color;
}

.c1 .c2 {
  border: none;
  width: 100%;
  -webkit-appearance: none;
  -moz-appearance: none;
  appearance: none;
  background: transparent;
}

.c1 .c2::-webkit-search-decoration,
.c1 .c2::-webkit-search-cancel-button,
.c1 .c2::-webkit-search-results-button,
.c1 .c2::-webkit-search-results-decoration {
  -webkit-appearance: none;
  -moz-appearance: none;
  appearance: none;
}

<div
  className="c0 c1"
  onClick={[Function]}
>
  <input
    className="c2 c3"
    onChange={[Function]}
    type="text"
    value=""
  />
  <div
    className="c4"
    display="flex"
    height="100%"
  />
</div>
`;
